['nginx-gateway-fabric.values']
SnapShot = """
- object:
    apiVersion: apps/v1
    kind: Deployment
    metadata:
        labels:
            app.kubernetes.io/instance: chartsnap
            app.kubernetes.io/managed-by: Helm
            app.kubernetes.io/name: nginx-gateway-fabric
            app.kubernetes.io/version: 1.1.0
            helm.sh/chart: nginx-gateway-fabric-1.1.0
        name: chartsnap-nginx-gateway-fabric
        namespace: nginx-gateway
    spec:
        replicas: 1
        selector:
            matchLabels:
                app.kubernetes.io/instance: chartsnap
                app.kubernetes.io/name: nginx-gateway-fabric
        template:
            metadata:
                annotations:
                    prometheus.io/port: \"9113\"
                    prometheus.io/scrape: \"true\"
                labels:
                    app.kubernetes.io/instance: chartsnap
                    app.kubernetes.io/name: nginx-gateway-fabric
            spec:
                containers:
                    - args:
                        - static-mode
                        - --gateway-ctlr-name=gateway.nginx.org/nginx-gateway-controller
                        - --gatewayclass=nginx
                        - --config=chartsnap-config
                        - --service=chartsnap-nginx-gateway-fabric
                        - --metrics-port=9113
                        - --health-port=8081
                        - --leader-election-lock-name=chartsnap-nginx-gateway-fabric-leader-election
                      env:
                        - name: POD_IP
                          valueFrom:
                            fieldRef:
                                fieldPath: status.podIP
                        - name: POD_NAMESPACE
                          valueFrom:
                            fieldRef:
                                fieldPath: metadata.namespace
                        - name: POD_NAME
                          valueFrom:
                            fieldRef:
                                fieldPath: metadata.name
                      image: ghcr.io/nginxinc/nginx-gateway-fabric:1.1.0
                      imagePullPolicy: IfNotPresent
                      name: nginx-gateway
                      ports:
                        - containerPort: 9113
                          name: metrics
                        - containerPort: 8081
                          name: health
                      readinessProbe:
                        httpGet:
                            path: /readyz
                            port: health
                        initialDelaySeconds: 3
                        periodSeconds: 1
                      securityContext:
                        allowPrivilegeEscalation: false
                        capabilities:
                            add:
                                - KILL
                            drop:
                                - ALL
                        readOnlyRootFilesystem: true
                        runAsGroup: 1001
                        runAsUser: 102
                      volumeMounts:
                        - mountPath: /etc/nginx/conf.d
                          name: nginx-conf
                        - mountPath: /etc/nginx/secrets
                          name: nginx-secrets
                        - mountPath: /var/run/nginx
                          name: nginx-run
                    - image: ghcr.io/nginxinc/nginx-gateway-fabric/nginx:1.1.0
                      imagePullPolicy: IfNotPresent
                      name: nginx
                      ports:
                        - containerPort: 80
                          name: http
                        - containerPort: 443
                          name: https
                      securityContext:
                        capabilities:
                            add:
                                - NET_BIND_SERVICE
                            drop:
                                - ALL
                        readOnlyRootFilesystem: true
                        runAsGroup: 1001
                        runAsUser: 101
                      volumeMounts:
                        - mountPath: /etc/nginx/conf.d
                          name: nginx-conf
                        - mountPath: /etc/nginx/secrets
                          name: nginx-secrets
                        - mountPath: /var/run/nginx
                          name: nginx-run
                        - mountPath: /var/cache/nginx
                          name: nginx-cache
                        - mountPath: /var/lib/nginx
                          name: nginx-lib
                securityContext:
                    fsGroup: 1001
                    runAsNonRoot: true
                serviceAccountName: chartsnap-nginx-gateway-fabric
                shareProcessNamespace: true
                terminationGracePeriodSeconds: 30
                volumes:
                    - emptyDir: {}
                      name: nginx-conf
                    - emptyDir: {}
                      name: nginx-secrets
                    - emptyDir: {}
                      name: nginx-run
                    - emptyDir: {}
                      name: nginx-cache
                    - emptyDir: {}
                      name: nginx-lib
- object:
    apiVersion: gateway.networking.k8s.io/v1
    kind: GatewayClass
    metadata:
        labels:
            app.kubernetes.io/instance: chartsnap
            app.kubernetes.io/managed-by: Helm
            app.kubernetes.io/name: nginx-gateway-fabric
            app.kubernetes.io/version: 1.1.0
            helm.sh/chart: nginx-gateway-fabric-1.1.0
        name: nginx
    spec:
        controllerName: gateway.nginx.org/nginx-gateway-controller
- object:
    apiVersion: gateway.nginx.org/v1alpha1
    kind: NginxGateway
    metadata:
        labels:
            app.kubernetes.io/instance: chartsnap
            app.kubernetes.io/managed-by: Helm
            app.kubernetes.io/name: nginx-gateway-fabric
            app.kubernetes.io/version: 1.1.0
            helm.sh/chart: nginx-gateway-fabric-1.1.0
        name: chartsnap-config
        namespace: nginx-gateway
    spec:
        logging:
            level: info
- object:
    apiVersion: rbac.authorization.k8s.io/v1
    kind: ClusterRole
    metadata:
        labels:
            app.kubernetes.io/instance: chartsnap
            app.kubernetes.io/managed-by: Helm
            app.kubernetes.io/name: nginx-gateway-fabric
            app.kubernetes.io/version: 1.1.0
            helm.sh/chart: nginx-gateway-fabric-1.1.0
        name: chartsnap-nginx-gateway-fabric
    rules:
        - apiGroups:
            - \"\"
          resources:
            - namespaces
            - services
            - secrets
          verbs:
            - list
            - watch
        - apiGroups:
            - \"\"
          resources:
            - events
          verbs:
            - create
            - patch
        - apiGroups:
            - discovery.k8s.io
          resources:
            - endpointslices
          verbs:
            - list
            - watch
        - apiGroups:
            - gateway.networking.k8s.io
          resources:
            - gatewayclasses
            - gateways
            - httproutes
            - referencegrants
          verbs:
            - list
            - watch
        - apiGroups:
            - gateway.networking.k8s.io
          resources:
            - httproutes/status
            - gateways/status
            - gatewayclasses/status
          verbs:
            - update
        - apiGroups:
            - gateway.nginx.org
          resources:
            - nginxgateways
          verbs:
            - get
            - list
            - watch
        - apiGroups:
            - gateway.nginx.org
          resources:
            - nginxgateways/status
          verbs:
            - update
        - apiGroups:
            - coordination.k8s.io
          resources:
            - leases
          verbs:
            - create
            - get
            - update
        - apiGroups:
            - apiextensions.k8s.io
          resources:
            - customresourcedefinitions
          verbs:
            - list
            - watch
- object:
    apiVersion: rbac.authorization.k8s.io/v1
    kind: ClusterRoleBinding
    metadata:
        labels:
            app.kubernetes.io/instance: chartsnap
            app.kubernetes.io/managed-by: Helm
            app.kubernetes.io/name: nginx-gateway-fabric
            app.kubernetes.io/version: 1.1.0
            helm.sh/chart: nginx-gateway-fabric-1.1.0
        name: chartsnap-nginx-gateway-fabric
    roleRef:
        apiGroup: rbac.authorization.k8s.io
        kind: ClusterRole
        name: chartsnap-nginx-gateway-fabric
    subjects:
        - kind: ServiceAccount
          name: chartsnap-nginx-gateway-fabric
          namespace: nginx-gateway
- object:
    apiVersion: v1
    kind: Service
    metadata:
        annotations:
            service.beta.kubernetes.io/aws-load-balancer-type: internal
        labels:
            app.kubernetes.io/instance: chartsnap
            app.kubernetes.io/managed-by: Helm
            app.kubernetes.io/name: nginx-gateway-fabric
            app.kubernetes.io/version: 1.1.0
            helm.sh/chart: nginx-gateway-fabric-1.1.0
        name: chartsnap-nginx-gateway-fabric
        namespace: nginx-gateway
    spec:
        externalTrafficPolicy: Local
        ports:
            - name: http
              port: 80
              protocol: TCP
              targetPort: 80
            - name: https
              port: 443
              protocol: TCP
              targetPort: 443
        selector:
            app.kubernetes.io/instance: chartsnap
            app.kubernetes.io/name: nginx-gateway-fabric
        type: LoadBalancer
- object:
    apiVersion: v1
    kind: ServiceAccount
    metadata:
        annotations: {}
        labels:
            app.kubernetes.io/instance: chartsnap
            app.kubernetes.io/managed-by: Helm
            app.kubernetes.io/name: nginx-gateway-fabric
            app.kubernetes.io/version: 1.1.0
            helm.sh/chart: nginx-gateway-fabric-1.1.0
        name: chartsnap-nginx-gateway-fabric
        namespace: nginx-gateway
"""
