[default]
SnapShot = """
- object:
    apiVersion: apps/v1
    kind: Deployment
    metadata:
        labels:
            app.kubernetes.io/instance: chartsnap
            app.kubernetes.io/managed-by: Helm
            app.kubernetes.io/name: app1
            app.kubernetes.io/version: 1.16.0
            helm.sh/chart: app1-0.1.0
        name: chartsnap-app1
    spec:
        replicas: 1
        selector:
            matchLabels:
                app.kubernetes.io/instance: chartsnap
                app.kubernetes.io/name: app1
        template:
            metadata:
                labels:
                    app.kubernetes.io/instance: chartsnap
                    app.kubernetes.io/managed-by: Helm
                    app.kubernetes.io/name: app1
                    app.kubernetes.io/version: 1.16.0
                    helm.sh/chart: app1-0.1.0
            spec:
                containers:
                    - image: nginx:1.16.0
                      imagePullPolicy: IfNotPresent
                      livenessProbe:
                        httpGet:
                            path: /
                            port: http
                      name: app1
                      ports:
                        - containerPort: 80
                          name: http
                          protocol: TCP
                      readinessProbe:
                        httpGet:
                            path: /
                            port: http
                      resources: {}
                      securityContext: {}
                securityContext: {}
                serviceAccountName: chartsnap-app1
- object:
    apiVersion: v1
    kind: Pod
    metadata:
        annotations:
            helm.sh/hook: test
        labels:
            app.kubernetes.io/instance: chartsnap
            app.kubernetes.io/managed-by: Helm
            app.kubernetes.io/name: app1
            app.kubernetes.io/version: 1.16.0
            helm.sh/chart: app1-0.1.0
        name: chartsnap-app1-test-connection
    spec:
        containers:
            - args:
                - chartsnap-app1:80
              command:
                - wget
              image: busybox
              name: wget
        restartPolicy: Never
- object:
    apiVersion: v1
    data:
        ca.crt: LS0tLS1CRUdJTiBDRVJUSUZJQ0FURS0tLS0tCk1JSURFRENDQWZpZ0F3SUJBZ0lSQUxFK1NwRWlFZ1RBMWZhRmkzTW5yYVV3RFFZSktvWklodmNOQVFFTEJRQXcKRWpFUU1BNEdBMVVFQXhNSFlYQndNUzFqWVRBZUZ3MHlOREEwTURjeE56TTNNakJhRncwek5EQTBNRFV4TnpNMwpNakJhTUJJeEVEQU9CZ05WQkFNVEIyRndjREV0WTJFd2dnRWlNQTBHQ1NxR1NJYjNEUUVCQVFVQUE0SUJEd0F3CmdnRUtBb0lCQVFEV1YrMnBPSTVYdjAxbGJkZnBRVWsxaTBJTTEvNXkrTjVxRUtndG5TcStQZHhzMmpzTGgxcWEKWVlzcEtHbFUrMTUwNkExZUJrTmFzZXVuWStldEtvU1gwbzN6S2VoTkRscE9qRERqbXY3TTRUTTNudHlaYXFKUAp2R0JMREhLZjc2Mk9QdWZBakY2ZUxKRy9CcHlsR2NkZitMdjM1MHRUUlZaWmY0NUV5MStFUGlQR0hrVjRPVmd5Clo5ZkxHd0FTcFlzZGUzL2IvRWxQL3BmSXNwalRlU1pVSVpDRFVENlc2Tng2d05IVTBWQWhBQ1FHOHBXOENTMDMKc0lhVklFL2pTYXhvM2MrL2hvYWJWWlBoNnV0ME9lR0hLRGVManZBbTdBbjBtTlAybXJUT2VEbTlwdlhWYkR4VQpjZ0ErQ2lwMFc2cWRFS0pXVkFiSVY2YVM4WHJrc1YrL0FnTUJBQUdqWVRCZk1BNEdBMVVkRHdFQi93UUVBd0lDCnBEQWRCZ05WSFNVRUZqQVVCZ2dyQmdFRkJRY0RBUVlJS3dZQkJRVUhBd0l3RHdZRFZSMFRBUUgvQkFVd0F3RUIKL3pBZEJnTlZIUTRFRmdRVVVZaWhETmlUWXVDY28zSWhaU2daaXY4VDRVTXdEUVlKS29aSWh2Y05BUUVMQlFBRApnZ0VCQUFZdmFHalFKTmR2bDdEWGUzUFhwMDc1NFUyOHF3UGlkYU42OG9nVVdFUUQ2a0RidEg5SzF0ODIydC9OCjhiYUNINms1MEZjVmZaT0dyMW8yMnV2UjEraFB3U3U4NC82R2ZlVUR3L2dNL3NXdENZaE1CZW5DRThha0lHQWYKQ3Y2bi9YSzRoVzBBRUUzZWRodDVPcStUcUVmMFAxN3V6Rzd6b0JHeTFRSHhnbEVwcmpvNlU5OHNGelpMKzUzRwpZSTdUa0o3bHYrak1SQ0w5VVdLTU9ocGF4aTYzRzRDQU9STGhCcDdsR0E5MVYxTHRrbFJ6T0VnNmwrdm5rTFBNCi9UZnJiMjhvNmFxcXJUSjUycUd4NjJsRDkrcWhwOWl2dUtaYUlZcHlQbFI0VWJFZUFEUW44Q0w4Nkt0WTRRQTUKckd4VnA3RnVicjlIQUs0YzJUMkROdlcrOVBjPQotLS0tLUVORCBDRVJUSUZJQ0FURS0tLS0tCg==
        tls.crt: LS0tLS1CRUdJTiBDRVJUSUZJQ0FURS0tLS0tCk1JSURhRENDQWxDZ0F3SUJBZ0lRVUtTTUpJbkl3aDkvREFaWUxCaGVSREFOQmdrcWhraUc5dzBCQVFzRkFEQVMKTVJBd0RnWURWUVFERXdkaGNIQXhMV05oTUI0WERUSTBNRFF3TnpFM016Y3lNVm9YRFRNME1EUXdOVEUzTXpjeQpNVm93R1RFWE1CVUdBMVVFQXhNT1kyaGhjblJ6Ym1Gd0xXRndjREV3Z2dFaU1BMEdDU3FHU0liM0RRRUJBUVVBCkE0SUJEd0F3Z2dFS0FvSUJBUURBWWpvSDdNd3JCNXl4RUcwSFZ2QXFWUTJOTzVkSXZ1YmdHSGs4a3pGMEswOGYKcnVPZGN6QnlkUE9lSkVvZmRINzBoa2FMelQwb1JHWEtOYkpxbndvVjRobVJMbGZLMXNha1VSWXVoNFhSN3ZaUQpqNHdtTjFyS0c0YkliK0gvVFpWamxqSTR5b052Q2NkY0w5QlhMYkowWGgrbkxFSEc1dXMvVkdhdVVKUUp3RjhLCld3SEJJMXg4UDhESDJVeStyMWhzVy9ReE85a2UzU2RCZElEK3Z3Ly9IWWFmdzNtY0R1UFd3ZmkzN0lRSlFBcmkKV1lYZ0ZmZ2NWVzBibS9FTnpRN3BZMm1YdDdaYzlBTnBQWTdCeGs2aysvMDdnRkZ6SUFFblBNNms5aDl4UEpGOApNYnY5cnN1OVNFaFEyNmI1eFVYRnF4cEFIUHlwUVF4NW9qTTI1S2paQWdNQkFBR2pnYkl3Z2E4d0RnWURWUjBQCkFRSC9CQVFEQWdXZ01CMEdBMVVkSlFRV01CUUdDQ3NHQVFVRkJ3TUJCZ2dyQmdFRkJRY0RBakFNQmdOVkhSTUIKQWY4RUFqQUFNQjhHQTFVZEl3UVlNQmFBRkZHSW9RellrMkxnbktOeUlXVW9HWXIvRStGRE1FOEdBMVVkRVFSSQpNRWFDR21Ob1lYSjBjMjVoY0MxaGNIQXhMbVJsWm1GMWJIUXVjM1pqZ2loamFHRnlkSE51WVhBdFlYQndNUzVrClpXWmhkV3gwTG5OMll5NWpiSFZ6ZEdWeUxteHZZMkZzTUEwR0NTcUdTSWIzRFFFQkN3VUFBNElCQVFBRk8xeFEKdkh2dXA4bkFncit0emh5ZkcwNVlhaE51UThOV0UwZ2NLTjlMUDl6Y0pGR0NNay9FQWJFakNPQVhWeHFZY08zSwowdFJNc0hGN2l6aDZoeWJRTU43cmJ4NVhLeUxNTURCRmZ4UUhuRmc5ZzJXQUlXZE8zWFZzZTBLSEkxZUxiU0tHCm5Bb2hsVndQMEQrdWx3U3NPbEE5MHVUbEFINHBUa0E3Tzh1QTU3Yk9GQmptZDhnSktEeElYMHpXakI5V1I1czgKSHFxSDFva1E4b1FZcVh5MUN2bnlrbElnNnNsK0d5KytKQ3lCckZaZUdidXZmZm56WktOdktSUDNDVE5jRVB0eQoxelZ1cjZjSmRDcEM4RGhNN0p0VE4wQ0pKY2FHRWxHNHg1b2UyN0ZpY3loYi80SHhxTzFZdWVHK1hURTNuODRQCi9lZjc0eUlGWDdab0JjaGYKLS0tLS1FTkQgQ0VSVElGSUNBVEUtLS0tLQo=
        tls.key: LS0tLS1CRUdJTiBSU0EgUFJJVkFURSBLRVktLS0tLQpNSUlFb3dJQkFBS0NBUUVBd0dJNkIrek1Ld2Vjc1JCdEIxYndLbFVOalR1WFNMN200Qmg1UEpNeGRDdFBINjdqCm5YTXdjblR6bmlSS0gzUis5SVpHaTgwOUtFUmx5ald5YXA4S0ZlSVprUzVYeXRiR3BGRVdMb2VGMGU3MlVJK00KSmpkYXlodUd5Ry9oLzAyVlk1WXlPTXFEYnduSFhDL1FWeTJ5ZEY0ZnB5eEJ4dWJyUDFSbXJsQ1VDY0JmQ2xzQgp3U05jZkQvQXg5bE12cTlZYkZ2ME1UdlpIdDBuUVhTQS9yOFAveDJHbjhONW5BN2oxc0g0dCt5RUNVQUs0bG1GCjRCWDRIRlZ0RzV2eERjME82V05wbDdlMlhQUURhVDJPd2NaT3BQdjlPNEJSY3lBQkp6ek9wUFlmY1R5UmZERzcKL2E3THZVaElVTnVtK2NWRnhhc2FRQno4cVVFTWVhSXpOdVNvMlFJREFRQUJBb0lCQVFDQkVpVys1V2NCUTRVago0bEpUeDBjd0Q0b2RCQ3IyZW1XcFdhSVZPdWZGK2J5SEZDM1BsOVdjSk16QmY3VmZMeWh4NDVoMitRYWIrbStVClg3eEkvbFNrNCtHbFhzTTE2aXl4VjFtYmMvOGJIc2lRdWc0Y0lhMCt4WU1DL05WU0ZQb3lLeldjbG5uaHlGekIKZzY2eW5vMEl0NUZpOWpWWFBkdjh6Q0pydHRIclM4TndJeFVKdUVYOGFEMlZkcmZWczdJZkV0MEN1K3Fodko0Qgp2amYwajRLV0tYcXhhdW04Q3pBZmsxVm9neUZtTkdkc1VNUEZ4bzVzUm54cFBQYVkyN3NZV0NnR2dkYTZ0Mm84ClhrMlNmVnlrY3YvcktzeEZ6aUZvRTc3cTAvQ2NDZnRkS3lKWldCdWVFTEZPRjY5elpWQlg3Z0NNM2FLb1hNaGYKdlh5MHRMWTFBb0dCQVBEVjk2RStyMmxIRW5LNndtdWQ1UktaMzA3cVNoVU94RXVncmNoRlhsTVByUEVrNzgydApWalJvdWppSDg2QWo0OUo4aVJYTjl5b2N6N2NtRndVWS9hbzgxQjQyTTJCOEpyRzBoNzF6YWFxTk05UjhpUGJiCkhuVkJkUVBkSnE2M0hsUXN4SS8rVTdLUlB6S3A3VWx0OE93b3c1Z0hoTlI0bndwNm83WUVJSlozQW9HQkFNeC8KUW4zZzJvZGJpMlNldWVuTGhvZ1FUVnRGdlZjRGRoZDJKK1EweThNc1Frd3ZCR1c5UXZhcXRSdjgvVHAwTVpNQgpkMDlMUTU0cHlXdUJXMDRURDVFV0JHNUxGWitVUmVrY0hkNDBJNEdTM0hpUmlWNU9ESTRnVlpJUmNKTklTM3RyCjUvcHc5U1VBZTZYQ3U0b2ZBeXNtVUdUeWlLTTIvL2Fwc1UvazNIOHZBb0dBV3NER1o4U3ZaUVNiTnhDWll1UkYKQmhWbHlOOFF1NDZzK2JLNnlkVWFEa0xCOEx6eWdKYm8vU2JaeGFPMWNvc1R0cVduSXNoU2MxUVlFZlFRaUtNNgpNNFJvaWxueVVsRjJZMUNjTmcvZnFaMDhBcjVLL25yanAxdmJOSEdKdWh6WEdQRWx3UDBkblJTT3RCREVrZjhUCjRtb2FDcGdLdmVZV1NHU2VmR0JoeDFFQ2dZQkVUUWpuUkMrWTRBR0pwTjRSY1ZISXBqRkFGK1hxWnhTTk40Q1IKWHZUamhpZktqRFdheVlEUkpDa0RaUmNxNjk0VzdIbHQrWVJuRWl2ZEJVSjZyREVaMDFHOWlNUjdIU25RZHZ5ZQoxNms0UU5YMFN4K25hTWdXdkVQNFdtelFOR2hKbTd2S1VPbi81czVsaWNuYmt3b2E0bHdkcTBmcHc1ZndTYk1ZCkxTZGNMd0tCZ0Voay83emdxK2tydnZCMkQreENPYjdVWkJqT1BuUVQ4eVdqRW1BWkVJNTNDTHVrRGkzckFwSnMKTDhUNTJDeFAvMHNkNWFkYzV2ZGhLVzduemdsUmNuMFI3a0hBSFhzdmRFbEJ4SVhXY0NjS29xblRjMk5OYjhsZQowejFvS0hWcnordTF2alAxUitaalMzUUdDWTNONGVXUVYwZkpaY21BRkZYSVkyM3daelpSCi0tLS0tRU5EIFJTQSBQUklWQVRFIEtFWS0tLS0tCg==
    kind: Secret
    metadata:
        labels:
            app.kubernetes.io/instance: chartsnap
            app.kubernetes.io/managed-by: Helm
            app.kubernetes.io/name: app1
            app.kubernetes.io/version: 1.16.0
            helm.sh/chart: app1-0.1.0
        name: app1-cert
        namespace: default
    type: kubernetes.io/tls
- object:
    apiVersion: v1
    kind: Service
    metadata:
        labels:
            app.kubernetes.io/instance: chartsnap
            app.kubernetes.io/managed-by: Helm
            app.kubernetes.io/name: app1
            app.kubernetes.io/version: 1.16.0
            helm.sh/chart: app1-0.1.0
        name: chartsnap-app1
    spec:
        ports:
            - name: http
              port: 80
              protocol: TCP
              targetPort: http
        selector:
            app.kubernetes.io/instance: chartsnap
            app.kubernetes.io/name: app1
        type: ClusterIP
- object:
    apiVersion: v1
    automountServiceAccountToken: true
    kind: ServiceAccount
    metadata:
        labels:
            app.kubernetes.io/instance: chartsnap
            app.kubernetes.io/managed-by: Helm
            app.kubernetes.io/name: app1
            app.kubernetes.io/version: 1.16.0
            helm.sh/chart: app1-0.1.0
        name: chartsnap-app1
"""
