[json]
SnapShot = """
{
  \"name\": \"John\",
  \"age\": 30
}
"""
