['ApplyDynamicFields should replace specified fields 1']
SnapShot = """
[
  {
    \"apiVersion\": \"apps/v1\",
    \"kind\": \"Deployment\",
    \"metadata\": {
      \"labels\": {
        \"app.kubernetes.io/instance\": \"chartsnap\",
        \"app.kubernetes.io/managed-by\": \"Helm\",
        \"app.kubernetes.io/name\": \"app1\",
        \"app.kubernetes.io/version\": \"###DYNAMIC_FIELD###\",
        \"helm.sh/chart\": \"app1-0.1.0\"
      },
      \"name\": \"chartsnap-app1\"
    },
    \"spec\": {
      \"replicas\": 1,
      \"selector\": {
        \"matchLabels\": {
          \"app.kubernetes.io/instance\": \"chartsnap\",
          \"app.kubernetes.io/name\": \"app1\"
        }
      },
      \"template\": {
        \"metadata\": {
          \"labels\": {
            \"app.kubernetes.io/instance\": \"chartsnap\",
            \"app.kubernetes.io/managed-by\": \"Helm\",
            \"app.kubernetes.io/name\": \"app1\",
            \"app.kubernetes.io/version\": \"1.16.0\",
            \"helm.sh/chart\": \"app1-0.1.0\"
          }
        },
        \"spec\": {
          \"containers\": [
            {
              \"image\": \"nginx:1.16.0\",
              \"imagePullPolicy\": \"IfNotPresent\",
              \"livenessProbe\": {
                \"httpGet\": {
                  \"path\": \"/\",
                  \"port\": \"http\"
                }
              },
              \"name\": \"app1\",
              \"ports\": [
                {
                  \"containerPort\": 80,
                  \"name\": \"http\",
                  \"protocol\": \"TCP\"
                }
              ],
              \"readinessProbe\": {
                \"httpGet\": {
                  \"path\": \"/\",
                  \"port\": \"http\"
                }
              },
              \"resources\": {},
              \"securityContext\": {}
            }
          ],
          \"securityContext\": {},
          \"serviceAccountName\": \"IyMjRFlOQU1JQ19GSUVMRCMjIw==\"
        }
      }
    }
  },
  {
    \"apiVersion\": \"v1\",
    \"kind\": \"Pod\",
    \"metadata\": {
      \"annotations\": {
        \"helm.sh/hook\": \"test\"
      },
      \"labels\": {
        \"app.kubernetes.io/instance\": \"chartsnap\",
        \"app.kubernetes.io/managed-by\": \"Helm\",
        \"app.kubernetes.io/name\": \"app1\",
        \"app.kubernetes.io/version\": \"1.16.0\",
        \"helm.sh/chart\": \"app1-0.1.0\"
      },
      \"name\": \"###DYNAMIC_FIELD###\"
    },
    \"spec\": {
      \"containers\": [
        {
          \"args\": [
            \"chartsnap-app1:80\"
          ],
          \"command\": [
            \"wget\"
          ],
          \"image\": \"busybox\",
          \"name\": \"wget\"
        }
      ],
      \"restartPolicy\": \"Never\"
    }
  },
  {
    \"apiVersion\": \"v1\",
    \"kind\": \"Service\",
    \"metadata\": {
      \"labels\": {
        \"app.kubernetes.io/instance\": \"chartsnap\",
        \"app.kubernetes.io/managed-by\": \"Helm\",
        \"app.kubernetes.io/name\": \"app1\",
        \"app.kubernetes.io/version\": \"1.16.0\",
        \"helm.sh/chart\": \"app1-0.1.0\"
      },
      \"name\": \"chartsnap-app1\"
    },
    \"spec\": {
      \"ports\": [
        {
          \"name\": \"http\",
          \"port\": 80,
          \"protocol\": \"TCP\",
          \"targetPort\": \"http\"
        },
        {
          \"name\": \"https\",
          \"port\": 443,
          \"protocol\": \"TCP\",
          \"targetPort\": \"###DYNAMIC_FIELD###\"
        }
      ],
      \"selector\": {
        \"app.kubernetes.io/instance\": \"chartsnap\",
        \"app.kubernetes.io/name\": \"app1\"
      },
      \"type\": \"ClusterIP\"
    }
  },
  {
    \"apiVersion\": \"v1\",
    \"automountServiceAccountToken\": true,
    \"kind\": \"ServiceAccount\",
    \"metadata\": {
      \"labels\": {
        \"app.kubernetes.io/instance\": \"chartsnap\",
        \"app.kubernetes.io/managed-by\": \"Helm\",
        \"app.kubernetes.io/name\": \"app1\",
        \"app.kubernetes.io/version\": \"1.16.0\",
        \"helm.sh/chart\": \"app1-0.1.0\"
      },
      \"name\": \"chartsnap-app1\"
    }
  }
]
"""

['LoadSnapshotConfig when loading .chartsnap.yaml should load config 1']
SnapShot = """
{
  \"DynamicFields\": [
    {
      \"Kind\": \"Secret\",
      \"APIVersion\": \"v1\",
      \"Name\": \"app1-cert\",
      \"JSONPath\": [
        \"/data/ca.crt\",
        \"/data/tls.crt\",
        \"/data/tls.key\"
      ],
      \"Base64\": true
    }
  ]
}
"""

['LoadSnapshotConfig when values.yaml has testSpec should load config 1']
SnapShot = """
{
  \"TestSpec\": {
    \"DynamicFields\": [
      {
        \"Kind\": \"Secret\",
        \"APIVersion\": \"v1\",
        \"Name\": \"app1-cert\",
        \"JSONPath\": [
          \"/data/ca.crt\",
          \"/data/tls.crt\",
          \"/data/tls.key\"
        ],
        \"Base64\": true
      }
    ]
  }
}
"""

['Merge should merge dynamic fields 1']
SnapShot = """
{
  \"DynamicFields\": [
    {
      \"Kind\": \"service\",
      \"APIVersion\": \"v1\",
      \"Name\": \"chartsnap-app1\",
      \"JSONPath\": [
        \"/spec/ports/0/targetPort\"
      ],
      \"Base64\": false
    },
    {
      \"Kind\": \"Pod\",
      \"APIVersion\": \"v1\",
      \"Name\": \"chartsnap-app1-test-connection\",
      \"JSONPath\": [
        \"/metadata/name\"
      ],
      \"Base64\": false
    },
    {
      \"Kind\": \"service\",
      \"APIVersion\": \"v1\",
      \"Name\": \"chartsnap-app1\",
      \"JSONPath\": [
        \"/spec/ports/0/targetPort\"
      ],
      \"Base64\": false
    },
    {
      \"Kind\": \"Service\",
      \"APIVersion\": \"v1\",
      \"Name\": \"chartsnap-app1\",
      \"JSONPath\": [
        \"/spec/ports/1/targetPort\"
      ],
      \"Base64\": false
    }
  ]
}
"""

['TestSpec ApplyDynamicFields should replace specified fields 1']
SnapShot = """
[
  {
    \"apiVersion\": \"apps/v1\",
    \"kind\": \"Deployment\",
    \"metadata\": {
      \"labels\": {
        \"app.kubernetes.io/instance\": \"chartsnap\",
        \"app.kubernetes.io/managed-by\": \"Helm\",
        \"app.kubernetes.io/name\": \"app1\",
        \"app.kubernetes.io/version\": \"###DYNAMIC_FIELD###\",
        \"helm.sh/chart\": \"app1-0.1.0\"
      },
      \"name\": \"chartsnap-app1\"
    },
    \"spec\": {
      \"replicas\": 1,
      \"selector\": {
        \"matchLabels\": {
          \"app.kubernetes.io/instance\": \"chartsnap\",
          \"app.kubernetes.io/name\": \"app1\"
        }
      },
      \"template\": {
        \"metadata\": {
          \"labels\": {
            \"app.kubernetes.io/instance\": \"chartsnap\",
            \"app.kubernetes.io/managed-by\": \"Helm\",
            \"app.kubernetes.io/name\": \"app1\",
            \"app.kubernetes.io/version\": \"1.16.0\",
            \"helm.sh/chart\": \"app1-0.1.0\"
          }
        },
        \"spec\": {
          \"containers\": [
            {
              \"image\": \"nginx:1.16.0\",
              \"imagePullPolicy\": \"IfNotPresent\",
              \"livenessProbe\": {
                \"httpGet\": {
                  \"path\": \"/\",
                  \"port\": \"http\"
                }
              },
              \"name\": \"app1\",
              \"ports\": [
                {
                  \"containerPort\": 80,
                  \"name\": \"http\",
                  \"protocol\": \"TCP\"
                }
              ],
              \"readinessProbe\": {
                \"httpGet\": {
                  \"path\": \"/\",
                  \"port\": \"http\"
                }
              },
              \"resources\": {},
              \"securityContext\": {}
            }
          ],
          \"securityContext\": {},
          \"serviceAccountName\": \"IyMjRFlOQU1JQ19GSUVMRCMjIw==\"
        }
      }
    }
  },
  {
    \"apiVersion\": \"v1\",
    \"kind\": \"Pod\",
    \"metadata\": {
      \"annotations\": {
        \"helm.sh/hook\": \"test\"
      },
      \"labels\": {
        \"app.kubernetes.io/instance\": \"chartsnap\",
        \"app.kubernetes.io/managed-by\": \"Helm\",
        \"app.kubernetes.io/name\": \"app1\",
        \"app.kubernetes.io/version\": \"1.16.0\",
        \"helm.sh/chart\": \"app1-0.1.0\"
      },
      \"name\": \"###DYNAMIC_FIELD###\"
    },
    \"spec\": {
      \"containers\": [
        {
          \"args\": [
            \"chartsnap-app1:80\"
          ],
          \"command\": [
            \"wget\"
          ],
          \"image\": \"busybox\",
          \"name\": \"wget\"
        }
      ],
      \"restartPolicy\": \"Never\"
    }
  },
  {
    \"apiVersion\": \"v1\",
    \"kind\": \"Service\",
    \"metadata\": {
      \"labels\": {
        \"app.kubernetes.io/instance\": \"chartsnap\",
        \"app.kubernetes.io/managed-by\": \"Helm\",
        \"app.kubernetes.io/name\": \"app1\",
        \"app.kubernetes.io/version\": \"1.16.0\",
        \"helm.sh/chart\": \"app1-0.1.0\"
      },
      \"name\": \"chartsnap-app1\"
    },
    \"spec\": {
      \"ports\": [
        {
          \"name\": \"http\",
          \"port\": 80,
          \"protocol\": \"TCP\",
          \"targetPort\": \"http\"
        },
        {
          \"name\": \"https\",
          \"port\": 443,
          \"protocol\": \"TCP\",
          \"targetPort\": \"###DYNAMIC_FIELD###\"
        }
      ],
      \"selector\": {
        \"app.kubernetes.io/instance\": \"chartsnap\",
        \"app.kubernetes.io/name\": \"app1\"
      },
      \"type\": \"ClusterIP\"
    }
  },
  {
    \"apiVersion\": \"v1\",
    \"automountServiceAccountToken\": true,
    \"kind\": \"ServiceAccount\",
    \"metadata\": {
      \"labels\": {
        \"app.kubernetes.io/instance\": \"chartsnap\",
        \"app.kubernetes.io/managed-by\": \"Helm\",
        \"app.kubernetes.io/name\": \"app1\",
        \"app.kubernetes.io/version\": \"1.16.0\",
        \"helm.sh/chart\": \"app1-0.1.0\"
      },
      \"name\": \"chartsnap-app1\"
    }
  }
]
"""

['TestSpec LoadSnapshotConfig when loading .chartsnap.yaml should load config 1']
SnapShot = """
{
  \"DynamicFields\": [
    {
      \"Kind\": \"Secret\",
      \"APIVersion\": \"v1\",
      \"Name\": \"app1-cert\",
      \"JSONPath\": [
        \"/data/ca.crt\",
        \"/data/tls.crt\",
        \"/data/tls.key\"
      ],
      \"Base64\": true
    }
  ]
}
"""

['TestSpec LoadSnapshotConfig when values.yaml has testSpec should load config 1']
SnapShot = """
{
  \"TestSpec\": {
    \"DynamicFields\": [
      {
        \"Kind\": \"Secret\",
        \"APIVersion\": \"v1\",
        \"Name\": \"app1-cert\",
        \"JSONPath\": [
          \"/data/ca.crt\",
          \"/data/tls.crt\",
          \"/data/tls.key\"
        ],
        \"Base64\": true
      }
    ]
  }
}
"""

['TestSpec Merge should merge dynamic fields 1']
SnapShot = """
{
  \"DynamicFields\": [
    {
      \"Kind\": \"service\",
      \"APIVersion\": \"v1\",
      \"Name\": \"chartsnap-app1\",
      \"JSONPath\": [
        \"/spec/ports/0/targetPort\"
      ],
      \"Base64\": false
    },
    {
      \"Kind\": \"Pod\",
      \"APIVersion\": \"v1\",
      \"Name\": \"chartsnap-app1-test-connection\",
      \"JSONPath\": [
        \"/metadata/name\"
      ],
      \"Base64\": false
    },
    {
      \"Kind\": \"service\",
      \"APIVersion\": \"v1\",
      \"Name\": \"chartsnap-app1\",
      \"JSONPath\": [
        \"/spec/ports/0/targetPort\"
      ],
      \"Base64\": false
    },
    {
      \"Kind\": \"Service\",
      \"APIVersion\": \"v1\",
      \"Name\": \"chartsnap-app1\",
      \"JSONPath\": [
        \"/spec/ports/1/targetPort\"
      ],
      \"Base64\": false
    }
  ]
}
"""
